Copyright 1986-2022 Xilinx, Inc. All Rights Reserved. Copyright 2022-2026 Advanced Micro Devices, Inc. All Rights Reserved.
---------------------------------------------------------------------------------------------------------------------------------------------
| Tool Version : Vivado v.2026.1.1 (win64) Build 6605303 Fri Sep 04 12:46:29 BST 2026
| Date         : Wed Sep 30 13:52:11 2026
| Design       : fi_top
| Device       : xc7k325tffg900-2
| Speed File   : -2
| Design State : Routed
---------------------------------------------------------------------------------------------------------------------------------------------

Utilization Design Information

Table of Contents
-----------------
1. Pblock Summary
2. Clock Region Statistics
3. Slice Logic
3.1 Summary of Registers by Type
4. Slice Logic Distribution
5. Memory
6. DSP
7. IO and GT Specific
8. Clocking
9. Specific Feature
10. Primitives
11. Black Boxes
12. Instantiated Netlists

1. Pblock Summary
-----------------

+-------+--------+-------+-------------------+-----------------+----------------+
| Index | Parent | Child | EXCLUDE_PLACEMENT | CONTAIN_ROUTING | SLR(s) Covered |
+-------+--------+-------+-------------------+-----------------+----------------+
| 1     | pb_dut |       |                 1 |               1 |           SLR0 |
+-------+--------+-------+-------------------+-----------------+----------------+


2. Clock Region Statistics
--------------------------

+-------------+--------------------+
| CLOCKREGION | Pblock Sites in CR |
+-------------+--------------------+
| X0Y4        |            100.00% |
+-------------+--------------------+


3. Slice Logic
--------------

+-------------------------+--------+-------+--------------+------+-------+------------+-----------+-------+
|        Site Type        | Parent | Child | Non-Assigned | Used | Fixed | Prohibited | Available | Util% |
+-------------------------+--------+-------+--------------+------+-------+------------+-----------+-------+
| Slice LUTs              |   5694 |     0 |            0 | 5694 |  1000 |          0 |     13200 | 43.14 |
|   LUT as Logic          |   5694 |     0 |            0 | 5694 |  1000 |          0 |     13200 | 43.14 |
|   LUT as Memory         |      0 |     0 |            0 |    0 |     0 |          0 |      3800 |  0.00 |
| Slice Registers         |   5329 |     0 |            0 | 5329 |     0 |          0 |     26400 | 20.19 |
|   Register as Flip Flop |   5329 |     0 |            0 | 5329 |     0 |          0 |     26400 | 20.19 |
|   Register as Latch     |      0 |     0 |            0 |    0 |     0 |          0 |     26400 |  0.00 |
| F7 Muxes                |      0 |     0 |            0 |    0 |     0 |          0 |      6600 |  0.00 |
| F8 Muxes                |      0 |     0 |            0 |    0 |     0 |          0 |      3300 |  0.00 |
| Unique Control Sets     |    149 |     0 |            0 |  149 |       |          0 |      3300 |  4.52 |
+-------------------------+--------+-------+--------------+------+-------+------------+-----------+-------+
* Warning! LUT value is adjusted to account for LUT combining.
** Note: Available Control Sets calculated as Slice * 1, Review the Control Sets Report for more information regarding control sets.


3.1 Summary of Registers by Type
--------------------------------

+-------+--------------+-------------+--------------+
| Total | Clock Enable | Synchronous | Asynchronous |
+-------+--------------+-------------+--------------+
| 0     |            _ |           - |            - |
| 0     |            _ |           - |          Set |
| 0     |            _ |           - |        Reset |
| 0     |            _ |         Set |            - |
| 0     |            _ |       Reset |            - |
| 0     |          Yes |           - |            - |
| 0     |          Yes |           - |          Set |
| 0     |          Yes |           - |        Reset |
| 1095  |          Yes |         Set |            - |
| 4234  |          Yes |       Reset |            - |
+-------+--------------+-------------+--------------+


4. Slice Logic Distribution
---------------------------

+--------------------------------------------+--------+-------+--------------+------+-------+------------+-----------+-------+
|                  Site Type                 | Parent | Child | Non-Assigned | Used | Fixed | Prohibited | Available | Util% |
+--------------------------------------------+--------+-------+--------------+------+-------+------------+-----------+-------+
| Slice                                      |   1670 |     0 |            0 | 1670 |     0 |          0 |      3300 | 50.61 |
|   SLICEL                                   |   1211 |     0 |            0 | 1211 |     0 |            |           |       |
|   SLICEM                                   |    459 |     0 |            0 |  459 |     0 |            |           |       |
| LUT as Logic                               |   5694 |     0 |            0 | 5694 |  1000 |          0 |     13200 | 43.14 |
|   using O5 output only                     |      0 |     0 |            0 |    0 |       |            |           |       |
|   using O6 output only                     |   4746 |     0 |            0 | 4746 |       |            |           |       |
|   using O5 and O6                          |    948 |     0 |            0 |  948 |       |            |           |       |
| LUT as Memory                              |      0 |     0 |            0 |    0 |     0 |          0 |      3800 |  0.00 |
|   LUT as Distributed RAM                   |      0 |     0 |            0 |    0 |     0 |            |           |       |
|     using O5 output only                   |      0 |     0 |            0 |    0 |       |            |           |       |
|     using O6 output only                   |      0 |     0 |            0 |    0 |       |            |           |       |
|     using O5 and O6                        |      0 |     0 |            0 |    0 |       |            |           |       |
|   LUT as Shift Register                    |      0 |     0 |            0 |    0 |     0 |            |           |       |
|     using O5 output only                   |      0 |     0 |            0 |    0 |       |            |           |       |
|     using O6 output only                   |      0 |     0 |            0 |    0 |       |            |           |       |
|     using O5 and O6                        |      0 |     0 |            0 |    0 |       |            |           |       |
| Slice Registers                            |   5329 |     0 |            0 | 5329 |     0 |          0 |     26400 | 20.19 |
|   Register driven from within the Slice    |   4942 |     0 |            0 | 4942 |       |            |           |       |
|   Register driven from outside the Slice   |    387 |     0 |            0 |  387 |       |            |           |       |
|     LUT in front of the register is unused |    160 |     0 |            0 |  160 |       |            |           |       |
|     LUT in front of the register is used   |    227 |     0 |            0 |  227 |       |            |           |       |
+--------------------------------------------+--------+-------+--------------+------+-------+------------+-----------+-------+


5. Memory
---------

+-----------+--------+-------+--------------+------+-------+------------+-----------+-------+
| Site Type | Parent | Child | Non-Assigned | Used | Fixed | Prohibited | Available | Util% |
+-----------+--------+-------+--------------+------+-------+------------+-----------+-------+
* Note: Each Block RAM Tile only has one FIFO logic available and therefore can accommodate only one FIFO36E1 or one FIFO18E1. However, if a FIFO18E1 occupies a Block RAM Tile, that tile can still accommodate a RAMB18E1


6. DSP
------

+-----------+--------+-------+--------------+------+-------+------------+-----------+-------+
| Site Type | Parent | Child | Non-Assigned | Used | Fixed | Prohibited | Available | Util% |
+-----------+--------+-------+--------------+------+-------+------------+-----------+-------+


7. IO and GT Specific
---------------------

+-----------+--------+-------+--------------+------+-------+------------+-----------+-------+
| Site Type | Parent | Child | Non-Assigned | Used | Fixed | Prohibited | Available | Util% |
+-----------+--------+-------+--------------+------+-------+------------+-----------+-------+


8. Clocking
-----------

+-----------+--------+-------+--------------+------+-------+------------+-----------+-------+
| Site Type | Parent | Child | Non-Assigned | Used | Fixed | Prohibited | Available | Util% |
+-----------+--------+-------+--------------+------+-------+------------+-----------+-------+


9. Specific Feature
-------------------

+-----------+--------+-------+--------------+------+-------+------------+-----------+-------+
| Site Type | Parent | Child | Non-Assigned | Used | Fixed | Prohibited | Available | Util% |
+-----------+--------+-------+--------------+------+-------+------------+-----------+-------+


10. Primitives
--------------

+----------+------+---------------------+
| Ref Name | Used | Functional Category |
+----------+------+---------------------+
| FDRE     | 4234 |        Flop & Latch |
| LUT6     | 4220 |                 LUT |
| FDSE     | 1095 |        Flop & Latch |
| LUT5     |  948 |                 LUT |
| LUT4     |  721 |                 LUT |
| LUT3     |  513 |                 LUT |
| LUT2     |  238 |                 LUT |
| CARRY4   |  105 |          CarryLogic |
| LUT1     |    2 |                 LUT |
+----------+------+---------------------+


11. Black Boxes
---------------

+----------+------+
| Ref Name | Used |
+----------+------+


12. Instantiated Netlists
-------------------------

+----------+------+
| Ref Name | Used |
+----------+------+


