thermometer: 2915 bits (200/feature requested)
ep   0 loss 0.7291 test 0.7506 best 0.7506 (82s)
ep   1 loss 0.7091 test 0.7514 best 0.7514 (334s)
ep   2 loss 0.7036 test 0.7557 best 0.7557 (418s)
ep   3 loss 0.7006 test 0.7507 best 0.7557 (557s)
ep   4 loss 0.6969 test 0.7540 best 0.7557 (707s)
ep   5 loss 0.6954 test 0.7520 best 0.7557 (848s)
ep   6 loss 0.6935 test 0.7549 best 0.7557 (982s)
ep   7 loss 0.6917 test 0.7569 best 0.7569 (1128s)
ep   8 loss 0.6902 test 0.7495 best 0.7569 (1218s)
ep   9 loss 0.6897 test 0.7528 best 0.7569 (1306s)
ep  10 loss 0.6881 test 0.7523 best 0.7569 (1395s)
ep  11 loss 0.6871 test 0.7558 best 0.7569 (1485s)
ep  12 loss 0.6861 test 0.7589 best 0.7589 (1572s)
ep  13 loss 0.6851 test 0.7543 best 0.7589 (1720s)
ep  14 loss 0.6829 test 0.7556 best 0.7589 (1866s)
ep  15 loss 0.6826 test 0.7593 best 0.7593 (2014s)
ep  16 loss 0.6802 test 0.7586 best 0.7593 (2091s)
ep  17 loss 0.6791 test 0.7601 best 0.7601 (2166s)
ep  18 loss 0.6783 test 0.7587 best 0.7601 (2323s)
ep  19 loss 0.6769 test 0.7603 best 0.7603 (2482s)
ep  20 loss 0.6755 test 0.7607 best 0.7607 (2578s)
ep  21 loss 0.6741 test 0.7583 best 0.7607 (2725s)
ep  22 loss 0.6727 test 0.7607 best 0.7607 (2876s)
ep  23 loss 0.6719 test 0.7610 best 0.7610 (2968s)
ep  24 loss 0.6698 test 0.7607 best 0.7610 (3127s)
ep  25 loss 0.6687 test 0.7609 best 0.7610 (3273s)
ep  26 loss 0.6675 test 0.7623 best 0.7623 (3432s)
ep  27 loss 0.6658 test 0.7615 best 0.7623 (3529s)
ep  28 loss 0.6638 test 0.7635 best 0.7635 (3614s)
ep  29 loss 0.6614 test 0.7628 best 0.7635 (3763s)
torch eval acc 0.76355  integer reference acc 0.76355
saved models\dwn_md_fa2_s1.json
