thermometer: 2915 bits (200/feature requested)
ep   0 loss 0.7253 test 0.7501 best 0.7501 (37s)
ep   1 loss 0.7056 test 0.7527 best 0.7527 (71s)
ep   2 loss 0.6984 test 0.7518 best 0.7527 (105s)
ep   3 loss 0.6945 test 0.7523 best 0.7527 (140s)
ep   4 loss 0.6921 test 0.7573 best 0.7573 (174s)
ep   5 loss 0.6891 test 0.7566 best 0.7573 (208s)
ep   6 loss 0.6868 test 0.7582 best 0.7582 (242s)
ep   7 loss 0.6856 test 0.7583 best 0.7583 (277s)
ep   8 loss 0.6837 test 0.7577 best 0.7583 (311s)
ep   9 loss 0.6817 test 0.7589 best 0.7589 (346s)
ep  10 loss 0.6807 test 0.7582 best 0.7589 (380s)
ep  11 loss 0.6791 test 0.7590 best 0.7590 (414s)
ep  12 loss 0.6782 test 0.7569 best 0.7590 (449s)
ep  13 loss 0.6768 test 0.7595 best 0.7595 (485s)
ep  14 loss 0.6755 test 0.7564 best 0.7595 (519s)
ep  15 loss 0.6746 test 0.7611 best 0.7611 (553s)
ep  16 loss 0.6735 test 0.7603 best 0.7611 (588s)
ep  17 loss 0.6716 test 0.7606 best 0.7611 (628s)
ep  18 loss 0.6700 test 0.7602 best 0.7611 (677s)
ep  19 loss 0.6692 test 0.7600 best 0.7611 (723s)
ep  20 loss 0.6676 test 0.7615 best 0.7615 (769s)
ep  21 loss 0.6662 test 0.7587 best 0.7615 (819s)
ep  22 loss 0.6649 test 0.7615 best 0.7615 (863s)
ep  23 loss 0.6634 test 0.7607 best 0.7615 (907s)
ep  24 loss 0.6614 test 0.7622 best 0.7622 (951s)
ep  25 loss 0.6600 test 0.7630 best 0.7630 (994s)
ep  26 loss 0.6586 test 0.7629 best 0.7630 (1039s)
ep  27 loss 0.6572 test 0.7636 best 0.7636 (1082s)
ep  28 loss 0.6557 test 0.7622 best 0.7636 (1126s)
ep  29 loss 0.6538 test 0.7638 best 0.7638 (1163s)
torch eval acc 0.76380  integer reference acc 0.76380
saved models\dwn_md_pf2.json
