thermometer: 2915 bits (200/feature requested)
ep   0 loss 0.7237 test 0.7521 best 0.7521 (33s)
ep   1 loss 0.7027 test 0.7533 best 0.7533 (86s)
ep   2 loss 0.6963 test 0.7544 best 0.7544 (116s)
ep   3 loss 0.6919 test 0.7516 best 0.7544 (146s)
ep   4 loss 0.6886 test 0.7564 best 0.7564 (175s)
ep   5 loss 0.6868 test 0.7540 best 0.7564 (205s)
ep   6 loss 0.6847 test 0.7571 best 0.7571 (234s)
ep   7 loss 0.6826 test 0.7570 best 0.7571 (282s)
ep   8 loss 0.6811 test 0.7537 best 0.7571 (326s)
ep   9 loss 0.6803 test 0.7514 best 0.7571 (364s)
ep  10 loss 0.6781 test 0.7577 best 0.7577 (405s)
ep  11 loss 0.6772 test 0.7576 best 0.7577 (444s)
ep  12 loss 0.6759 test 0.7585 best 0.7585 (483s)
ep  13 loss 0.6737 test 0.7563 best 0.7585 (524s)
ep  14 loss 0.6724 test 0.7501 best 0.7585 (563s)
ep  15 loss 0.6712 test 0.7591 best 0.7591 (602s)
ep  16 loss 0.6696 test 0.7576 best 0.7591 (640s)
ep  17 loss 0.6687 test 0.7602 best 0.7602 (722s)
ep  18 loss 0.6673 test 0.7592 best 0.7602 (832s)
ep  19 loss 0.6654 test 0.7623 best 0.7623 (931s)
ep  20 loss 0.6638 test 0.7624 best 0.7624 (1035s)
ep  21 loss 0.6629 test 0.7608 best 0.7624 (1117s)
ep  22 loss 0.6613 test 0.7622 best 0.7624 (1204s)
ep  23 loss 0.6603 test 0.7617 best 0.7624 (1283s)
ep  24 loss 0.6585 test 0.7624 best 0.7624 (1375s)
ep  25 loss 0.6571 test 0.7630 best 0.7630 (1447s)
ep  26 loss 0.6557 test 0.7637 best 0.7637 (1511s)
ep  27 loss 0.6544 test 0.7635 best 0.7637 (1575s)
ep  28 loss 0.6528 test 0.7647 best 0.7647 (1627s)
ep  29 loss 0.6511 test 0.7641 best 0.7647 (1666s)
torch eval acc 0.76470  integer reference acc 0.76470
saved models\dwn_md_s1.json
