resumed from mlp_32_16_p50.ckpt after epoch 2
ep   3 loss 0.7541 test 0.7428 best 0.7428 (695s)
ep   4 loss 0.7472 test 0.7418 best 0.7428 (696s)
ep   5 loss 0.7411 test 0.7430 best 0.7430 (697s)
ep   6 loss 0.7377 test 0.7450 best 0.7450 (698s)
ep   7 loss 0.7266 test 0.7407 best 0.7450 (699s)
ep   8 loss 0.7231 test 0.7485 best 0.7485 (700s)
ep   9 loss 0.7176 test 0.7458 best 0.7485 (701s)
pruned 50% of the weights of every layer
ep  10 loss 0.7148 test 0.7439 best 0.7439 (703s)
ep  11 loss 0.7140 test 0.7503 best 0.7503 (704s)
ep  12 loss 0.7096 test 0.7498 best 0.7503 (705s)
ep  13 loss 0.7124 test 0.7492 best 0.7503 (706s)
ep  14 loss 0.7097 test 0.7452 best 0.7503 (707s)
ep  15 loss 0.7103 test 0.7477 best 0.7503 (708s)
ep  16 loss 0.7083 test 0.7439 best 0.7503 (709s)
ep  17 loss 0.7078 test 0.7520 best 0.7520 (710s)
ep  18 loss 0.7068 test 0.7489 best 0.7520 (712s)
ep  19 loss 0.7053 test 0.7519 best 0.7520 (713s)
ep  20 loss 0.7037 test 0.7510 best 0.7520 (714s)
ep  21 loss 0.7043 test 0.7515 best 0.7520 (715s)
ep  22 loss 0.7021 test 0.7534 best 0.7534 (716s)
ep  23 loss 0.7024 test 0.7515 best 0.7534 (717s)
ep  24 loss 0.7014 test 0.7529 best 0.7534 (718s)
ep  25 loss 0.7008 test 0.7533 best 0.7534 (719s)
ep  26 loss 0.7001 test 0.7518 best 0.7534 (720s)
ep  27 loss 0.7004 test 0.7514 best 0.7534 (721s)
ep  28 loss 0.6998 test 0.7537 best 0.7537 (722s)
ep  29 loss 0.6985 test 0.7537 best 0.7537 (724s)
torch eval acc 0.75372  integer reference acc 0.75372
saved models\mlp_32_16_p50.json
