thermometer: 2915 bits (200/feature requested)
ep   0 loss 0.7243 test 0.7455 best 0.7455 (33s)
ep   1 loss 0.7027 test 0.7517 best 0.7517 (86s)
ep   2 loss 0.6962 test 0.7509 best 0.7517 (115s)
ep   3 loss 0.6913 test 0.7557 best 0.7557 (145s)
ep   4 loss 0.6885 test 0.7570 best 0.7570 (174s)
ep   5 loss 0.6862 test 0.7566 best 0.7570 (204s)
ep   6 loss 0.6835 test 0.7568 best 0.7570 (234s)
ep   7 loss 0.6822 test 0.7589 best 0.7589 (275s)
ep   8 loss 0.6808 test 0.7593 best 0.7593 (322s)
ep   9 loss 0.6789 test 0.7536 best 0.7593 (362s)
ep  10 loss 0.6776 test 0.7575 best 0.7593 (403s)
ep  11 loss 0.6761 test 0.7583 best 0.7593 (444s)
ep  12 loss 0.6746 test 0.7590 best 0.7593 (483s)
ep  13 loss 0.6734 test 0.7524 best 0.7593 (524s)
ep  14 loss 0.6722 test 0.7510 best 0.7593 (561s)
ep  15 loss 0.6711 test 0.7611 best 0.7611 (599s)
ep  16 loss 0.6698 test 0.7591 best 0.7611 (640s)
ep  17 loss 0.6680 test 0.7604 best 0.7611 (738s)
ep  18 loss 0.6667 test 0.7600 best 0.7611 (851s)
ep  19 loss 0.6655 test 0.7630 best 0.7630 (918s)
ep  20 loss 0.6642 test 0.7612 best 0.7630 (983s)
ep  21 loss 0.6628 test 0.7619 best 0.7630 (1045s)
ep  22 loss 0.6616 test 0.7622 best 0.7630 (1098s)
ep  23 loss 0.6599 test 0.7634 best 0.7634 (1161s)
ep  24 loss 0.6587 test 0.7624 best 0.7634 (1214s)
ep  25 loss 0.6574 test 0.7627 best 0.7634 (1263s)
ep  26 loss 0.6559 test 0.7629 best 0.7634 (1333s)
ep  27 loss 0.6542 test 0.7638 best 0.7638 (1392s)
ep  28 loss 0.6529 test 0.7641 best 0.7641 (1504s)
ep  29 loss 0.6510 test 0.7640 best 0.7641 (1601s)
torch eval acc 0.76411  integer reference acc 0.76411
saved models\dwn_md_s2.json
