resumed from mlp_32_16_p70.ckpt after epoch 2
ep   3 loss 0.7541 test 0.7428 best 0.7428 (692s)
ep   4 loss 0.7472 test 0.7418 best 0.7428 (693s)
ep   5 loss 0.7411 test 0.7430 best 0.7430 (694s)
ep   6 loss 0.7377 test 0.7450 best 0.7450 (695s)
ep   7 loss 0.7266 test 0.7407 best 0.7450 (696s)
ep   8 loss 0.7231 test 0.7485 best 0.7485 (697s)
ep   9 loss 0.7176 test 0.7458 best 0.7485 (698s)
pruned 70% of the weights of every layer
ep  10 loss 0.7555 test 0.7465 best 0.7465 (699s)
ep  11 loss 0.7203 test 0.7471 best 0.7471 (701s)
ep  12 loss 0.7179 test 0.7493 best 0.7493 (702s)
ep  13 loss 0.7138 test 0.7499 best 0.7499 (703s)
ep  14 loss 0.7128 test 0.7495 best 0.7499 (704s)
ep  15 loss 0.7110 test 0.7494 best 0.7499 (705s)
ep  16 loss 0.7102 test 0.7483 best 0.7499 (706s)
ep  17 loss 0.7104 test 0.7487 best 0.7499 (707s)
ep  18 loss 0.7091 test 0.7505 best 0.7505 (708s)
ep  19 loss 0.7072 test 0.7513 best 0.7513 (709s)
ep  20 loss 0.7084 test 0.7507 best 0.7513 (711s)
ep  21 loss 0.7079 test 0.7515 best 0.7515 (712s)
ep  22 loss 0.7079 test 0.7487 best 0.7515 (713s)
ep  23 loss 0.7078 test 0.7501 best 0.7515 (714s)
ep  24 loss 0.7075 test 0.7498 best 0.7515 (715s)
ep  25 loss 0.7065 test 0.7522 best 0.7522 (716s)
ep  26 loss 0.7062 test 0.7492 best 0.7522 (717s)
ep  27 loss 0.7059 test 0.7514 best 0.7522 (718s)
ep  28 loss 0.7051 test 0.7518 best 0.7522 (719s)
ep  29 loss 0.7039 test 0.7520 best 0.7522 (721s)
torch eval acc 0.75222  integer reference acc 0.75222
saved models\mlp_32_16_p70.json
