thermometer: 2915 bits (200/feature requested)
ep   0 loss 0.7284 test 0.7432 best 0.7432 (62s)
ep   1 loss 0.7090 test 0.7530 best 0.7530 (314s)
ep   2 loss 0.7042 test 0.7500 best 0.7530 (395s)
ep   3 loss 0.7007 test 0.7551 best 0.7551 (473s)
ep   4 loss 0.6976 test 0.7572 best 0.7572 (639s)
ep   5 loss 0.6955 test 0.7556 best 0.7572 (728s)
ep   6 loss 0.6934 test 0.7568 best 0.7572 (818s)
ep   7 loss 0.6923 test 0.7556 best 0.7572 (907s)
ep   8 loss 0.6912 test 0.7597 best 0.7597 (990s)
ep   9 loss 0.6903 test 0.7572 best 0.7597 (1145s)
ep  10 loss 0.6878 test 0.7587 best 0.7597 (1287s)
ep  11 loss 0.6871 test 0.7571 best 0.7597 (1429s)
ep  12 loss 0.6857 test 0.7576 best 0.7597 (1570s)
ep  13 loss 0.6846 test 0.7579 best 0.7597 (1726s)
ep  14 loss 0.6832 test 0.7526 best 0.7597 (1880s)
ep  15 loss 0.6818 test 0.7597 best 0.7597 (2032s)
ep  16 loss 0.6812 test 0.7581 best 0.7597 (2102s)
ep  17 loss 0.6795 test 0.7605 best 0.7605 (2174s)
ep  18 loss 0.6788 test 0.7586 best 0.7605 (2342s)
ep  19 loss 0.6777 test 0.7602 best 0.7605 (2507s)
ep  20 loss 0.6765 test 0.7584 best 0.7605 (2660s)
ep  21 loss 0.6742 test 0.7606 best 0.7606 (2822s)
ep  22 loss 0.6734 test 0.7617 best 0.7617 (2904s)
ep  23 loss 0.6720 test 0.7616 best 0.7617 (3066s)
ep  24 loss 0.6699 test 0.7576 best 0.7617 (3225s)
ep  25 loss 0.6689 test 0.7612 best 0.7617 (3389s)
ep  26 loss 0.6671 test 0.7618 best 0.7618 (3546s)
ep  27 loss 0.6653 test 0.7618 best 0.7618 (3625s)
ep  28 loss 0.6638 test 0.7614 best 0.7618 (3779s)
ep  29 loss 0.6618 test 0.7627 best 0.7627 (3817s)
torch eval acc 0.76267  integer reference acc 0.76267
saved models\dwn_md_fa2_s2.json
