thermometer: 2915 bits (200/feature requested)
ep   0 loss 0.7275 test 0.7522 best 0.7522 (37s)
ep   1 loss 0.7068 test 0.7550 best 0.7550 (71s)
ep   2 loss 0.7007 test 0.7540 best 0.7550 (105s)
ep   3 loss 0.6972 test 0.7555 best 0.7555 (139s)
ep   4 loss 0.6941 test 0.7548 best 0.7555 (173s)
ep   5 loss 0.6919 test 0.7555 best 0.7555 (208s)
ep   6 loss 0.6903 test 0.7580 best 0.7580 (242s)
ep   7 loss 0.6886 test 0.7558 best 0.7580 (276s)
ep   8 loss 0.6879 test 0.7574 best 0.7580 (310s)
ep   9 loss 0.6858 test 0.7579 best 0.7580 (344s)
ep  10 loss 0.6844 test 0.7539 best 0.7580 (378s)
ep  11 loss 0.6832 test 0.7588 best 0.7588 (412s)
ep  12 loss 0.6819 test 0.7591 best 0.7591 (447s)
ep  13 loss 0.6809 test 0.7597 best 0.7597 (484s)
ep  14 loss 0.6794 test 0.7538 best 0.7597 (518s)
ep  15 loss 0.6783 test 0.7600 best 0.7600 (552s)
ep  16 loss 0.6768 test 0.7609 best 0.7609 (586s)
ep  17 loss 0.6748 test 0.7612 best 0.7612 (627s)
ep  18 loss 0.6738 test 0.7613 best 0.7613 (675s)
ep  19 loss 0.6722 test 0.7604 best 0.7613 (719s)
ep  20 loss 0.6712 test 0.7604 best 0.7613 (764s)
ep  21 loss 0.6701 test 0.7606 best 0.7613 (810s)
ep  22 loss 0.6687 test 0.7614 best 0.7614 (854s)
ep  23 loss 0.6677 test 0.7623 best 0.7623 (895s)
ep  24 loss 0.6659 test 0.7613 best 0.7623 (939s)
ep  25 loss 0.6646 test 0.7632 best 0.7632 (982s)
ep  26 loss 0.6625 test 0.7625 best 0.7632 (1025s)
ep  27 loss 0.6614 test 0.7629 best 0.7632 (1066s)
ep  28 loss 0.6600 test 0.7627 best 0.7632 (1111s)
ep  29 loss 0.6583 test 0.7640 best 0.7640 (1155s)
torch eval acc 0.76401  integer reference acc 0.76401
saved models\dwn_md_pf5.json
