resumed from mlp_32_16_p80.ckpt after epoch 2
ep   3 loss 0.7541 test 0.7428 best 0.7428 (693s)
ep   4 loss 0.7472 test 0.7418 best 0.7428 (694s)
ep   5 loss 0.7411 test 0.7430 best 0.7430 (695s)
ep   6 loss 0.7377 test 0.7450 best 0.7450 (696s)
ep   7 loss 0.7266 test 0.7407 best 0.7450 (697s)
ep   8 loss 0.7231 test 0.7485 best 0.7485 (698s)
ep   9 loss 0.7176 test 0.7458 best 0.7485 (700s)
pruned 80% of the weights of every layer
ep  10 loss 0.9672 test 0.6251 best 0.6251 (701s)
ep  11 loss 0.8697 test 0.6299 best 0.6299 (702s)
ep  12 loss 0.8575 test 0.6330 best 0.6330 (703s)
ep  13 loss 0.8508 test 0.6327 best 0.6330 (704s)
ep  14 loss 0.8456 test 0.6351 best 0.6351 (705s)
ep  15 loss 0.8439 test 0.6327 best 0.6351 (706s)
ep  16 loss 0.8452 test 0.6350 best 0.6351 (707s)
ep  17 loss 0.8409 test 0.6308 best 0.6351 (708s)
ep  18 loss 0.8373 test 0.6369 best 0.6369 (710s)
ep  19 loss 0.8372 test 0.6367 best 0.6369 (711s)
ep  20 loss 0.8368 test 0.6348 best 0.6369 (712s)
ep  21 loss 0.8396 test 0.6290 best 0.6369 (713s)
ep  22 loss 0.8411 test 0.6372 best 0.6372 (714s)
ep  23 loss 0.8375 test 0.6331 best 0.6372 (715s)
ep  24 loss 0.8350 test 0.6308 best 0.6372 (716s)
ep  25 loss 0.8361 test 0.6348 best 0.6372 (717s)
ep  26 loss 0.8348 test 0.6362 best 0.6372 (718s)
ep  27 loss 0.8335 test 0.6348 best 0.6372 (719s)
ep  28 loss 0.8340 test 0.6343 best 0.6372 (720s)
ep  29 loss 0.8345 test 0.6363 best 0.6372 (721s)
torch eval acc 0.63716  integer reference acc 0.63716
saved models\mlp_32_16_p80.json
