thermometer: 2915 bits (200/feature requested)
ep   0 loss 0.7260 test 0.7472 best 0.7472 (205s)
ep   1 loss 0.7069 test 0.7539 best 0.7539 (360s)
ep   2 loss 0.7014 test 0.7497 best 0.7539 (490s)
ep   3 loss 0.6970 test 0.7537 best 0.7539 (649s)
ep   4 loss 0.6946 test 0.7552 best 0.7552 (792s)
ep   5 loss 0.6932 test 0.7560 best 0.7560 (935s)
ep   6 loss 0.6906 test 0.7569 best 0.7569 (1075s)
ep   7 loss 0.6893 test 0.7554 best 0.7569 (1215s)
ep   8 loss 0.6871 test 0.7584 best 0.7584 (1350s)
ep   9 loss 0.6855 test 0.7554 best 0.7584 (1486s)
ep  10 loss 0.6845 test 0.7576 best 0.7584 (1625s)
ep  11 loss 0.6823 test 0.7575 best 0.7584 (1773s)
ep  12 loss 0.6808 test 0.7601 best 0.7601 (1922s)
ep  13 loss 0.6800 test 0.7528 best 0.7601 (2059s)
ep  14 loss 0.6781 test 0.7556 best 0.7601 (2174s)
ep  15 loss 0.6771 test 0.7598 best 0.7601 (2337s)
ep  16 loss 0.6761 test 0.7597 best 0.7601 (2499s)
ep  17 loss 0.6746 test 0.7609 best 0.7609 (2647s)
ep  18 loss 0.6739 test 0.7592 best 0.7609 (2803s)
ep  19 loss 0.6729 test 0.7603 best 0.7609 (2946s)
ep  20 loss 0.6714 test 0.7608 best 0.7609 (3107s)
ep  21 loss 0.6699 test 0.7620 best 0.7620 (3259s)
ep  22 loss 0.6684 test 0.7616 best 0.7620 (3422s)
ep  23 loss 0.6680 test 0.7630 best 0.7630 (3568s)
ep  24 loss 0.6662 test 0.7614 best 0.7630 (3712s)
ep  25 loss 0.6645 test 0.7623 best 0.7630 (3808s)
ep  26 loss 0.6634 test 0.7627 best 0.7630 (3845s)
ep  27 loss 0.6616 test 0.7636 best 0.7636 (3878s)
ep  28 loss 0.6601 test 0.7623 best 0.7636 (3912s)
ep  29 loss 0.6580 test 0.7629 best 0.7636 (3945s)
torch eval acc 0.76364  integer reference acc 0.76364
saved models\dwn_md_pf5_s2.json
