thermometer: 2915 bits (200/feature requested)
ep   0 loss 0.7261 test 0.7421 best 0.7421 (211s)
ep   1 loss 0.7056 test 0.7479 best 0.7479 (403s)
ep   2 loss 0.7011 test 0.7564 best 0.7564 (539s)
ep   3 loss 0.6967 test 0.7557 best 0.7564 (739s)
ep   4 loss 0.6936 test 0.7575 best 0.7575 (925s)
ep   5 loss 0.6912 test 0.7501 best 0.7575 (1063s)
ep   6 loss 0.6903 test 0.7526 best 0.7575 (1204s)
ep   7 loss 0.6886 test 0.7530 best 0.7575 (1339s)
ep   8 loss 0.6864 test 0.7557 best 0.7575 (1473s)
ep   9 loss 0.6856 test 0.7512 best 0.7575 (1610s)
ep  10 loss 0.6847 test 0.7570 best 0.7575 (1757s)
ep  11 loss 0.6829 test 0.7572 best 0.7575 (1905s)
ep  12 loss 0.6818 test 0.7527 best 0.7575 (2047s)
ep  13 loss 0.6810 test 0.7588 best 0.7588 (2158s)
ep  14 loss 0.6795 test 0.7546 best 0.7588 (2369s)
ep  15 loss 0.6785 test 0.7591 best 0.7591 (2572s)
ep  16 loss 0.6764 test 0.7596 best 0.7596 (2720s)
ep  17 loss 0.6750 test 0.7592 best 0.7596 (2915s)
ep  18 loss 0.6742 test 0.7598 best 0.7598 (3124s)
ep  19 loss 0.6726 test 0.7607 best 0.7607 (3274s)
ep  20 loss 0.6716 test 0.7601 best 0.7607 (3483s)
ep  21 loss 0.6702 test 0.7620 best 0.7620 (3669s)
ep  22 loss 0.6685 test 0.7619 best 0.7620 (3792s)
ep  23 loss 0.6675 test 0.7607 best 0.7620 (3836s)
ep  24 loss 0.6660 test 0.7617 best 0.7620 (3869s)
ep  25 loss 0.6640 test 0.7611 best 0.7620 (3902s)
ep  26 loss 0.6632 test 0.7618 best 0.7620 (3936s)
ep  27 loss 0.6614 test 0.7627 best 0.7627 (3957s)
ep  28 loss 0.6598 test 0.7633 best 0.7633 (3974s)
ep  29 loss 0.6583 test 0.7636 best 0.7636 (3991s)
torch eval acc 0.76362  integer reference acc 0.76362
saved models\dwn_md_pf5_s1.json
